// Jest Snapshot v1, https://goo.gl/fbAQLP

exports[`Storyshots Muncher Default 1`] = `
<div
  className="muncher"
>
  <div
    className="muncher-main"
  >
    <div
      className="muncher-toolbar"
    >
      <div
        className="muncher-toolbar--left"
      >
        <button
          className="muncher-button muncher-button--small"
          data-title="Html View"
          disabled={false}
          type="button"
        >
          <svg
            className="muncher-icon muncher-icon--small"
            fill="none"
            stroke="currentColor"
            strokeLinecap="round"
            strokeLinejoin="round"
            strokeWidth={2}
            viewBox="0 0 24 24"
            xmlns="http://www.w3.org/2000/svg"
          >
            <polyline
              points="16 18 22 12 16 6"
            />
            <polyline
              points="8 6 2 12 8 18"
            />
          </svg>
        </button>
        <span
          className="muncher-separator"
        >
          |
        </span>
        <button
          className="muncher-button muncher-button--small"
          data-title="Undo"
          disabled={false}
          type="button"
        >
          <svg
            className="muncher-icon muncher-icon--small"
            fill="none"
            stroke="currentColor"
            strokeLinecap="round"
            strokeLinejoin="round"
            strokeWidth={2}
            viewBox="0 0 24 24"
            xmlns="http://www.w3.org/2000/svg"
          >
            <polyline
              points="2 10 2 16 8 16"
            />
            <path
              d="m22 16c-1.8136-6.5424-9.5593-9.4823-15.36-4.36l-4.64 4.36"
            />
          </svg>
        </button>
        <button
          className="muncher-button muncher-button--small"
          data-title="Redo"
          disabled={false}
          type="button"
        >
          <svg
            className="muncher-icon muncher-icon--small"
            fill="none"
            stroke="currentColor"
            strokeLinecap="round"
            strokeLinejoin="round"
            strokeWidth={2}
            viewBox="0 0 24 24"
            xmlns="http://www.w3.org/2000/svg"
          >
            <polyline
              points="22 10 22 16 16 16"
            />
            <path
              d="m1.9935 16c1.8136-6.5424 9.5593-9.4823 15.36-4.36l4.64 4.36"
            />
          </svg>
        </button>
        <span
          className="muncher-separator"
        >
          |
        </span>
        <button
          className="muncher-button muncher-button--small"
          data-title="Ordered List"
          disabled={false}
          type="button"
        >
          <svg
            className="muncher-icon muncher-icon--small"
            fill="none"
            stroke="currentColor"
            strokeLinecap="round"
            strokeLinejoin="round"
            strokeWidth={2}
            viewBox="0 0 24 24"
            xmlns="http://www.w3.org/2000/svg"
          >
            <line
              x1="9"
              x2="21"
              y1="5"
              y2="5"
            />
            <line
              x1="9"
              x2="21"
              y1="12"
              y2="12"
            />
            <line
              x1="9"
              x2="21"
              y1="19"
              y2="19"
            />
            <polyline
              points="3 10 5 10 3 13 5 13"
            />
            <polyline
              points="3 3 4 3 4 6"
            />
            <path
              d="M3 17H4H5L4 19C4.55 19 5 19.45 5 20C5 20.55 4.55 21 4 21H3"
            />
          </svg>
        </button>
        <button
          className="muncher-button muncher-button--small"
          data-title="Unordered List"
          disabled={false}
          type="button"
        >
          <svg
            className="muncher-icon muncher-icon--small"
            fill="none"
            stroke="currentColor"
            strokeLinecap="round"
            strokeLinejoin="round"
            strokeWidth={2}
            viewBox="0 0 24 24"
            xmlns="http://www.w3.org/2000/svg"
          >
            <line
              x1="9"
              x2="21"
              y1="5"
              y2="5"
            />
            <line
              x1="9"
              x2="21"
              y1="12"
              y2="12"
            />
            <line
              x1="9"
              x2="21"
              y1="19"
              y2="19"
            />
            <circle
              cx="4"
              cy="12"
              r="1"
            />
            <circle
              cx="4"
              cy="5"
              r="1"
            />
            <circle
              cx="4"
              cy="19"
              r="1"
            />
          </svg>
        </button>
        <span
          className="muncher-separator"
        >
          |
        </span>
        <div
          className="muncher-dropdown"
        >
          <button
            className="muncher-button muncher-button--small muncher-button--active"
            disabled={false}
            onMouseDown={[Function]}
            type="button"
          >
            <span>
              Heading 1 
              <span
                className="muncher--small"
              >
                ▼
              </span>
            </span>
          </button>
          
        </div>
        <span
          className="muncher-separator"
        >
          |
        </span>
        <button
          className="muncher-button muncher-button--small"
          data-title="Bold"
          disabled={false}
          type="button"
        >
          <strong>
            B
          </strong>
        </button>
        <button
          className="muncher-button muncher-button--small"
          data-title="Italic"
          disabled={false}
          type="button"
        >
          <strong>
            <em>
              I
            </em>
          </strong>
        </button>
        <button
          className="muncher-button muncher-button--small"
          data-title="Underline"
          disabled={false}
          type="button"
        >
          <strong>
            <u>
              U
            </u>
          </strong>
        </button>
        <button
          className="muncher-button muncher-button--small"
          data-title="Monospace"
          disabled={false}
          type="button"
        >
          <strong>
            {
             
            }
          </strong>
        </button>
      </div>
      <div
        className="muncher-toolbar--right"
      >
        <button
          className="muncher-button muncher-button--small"
          data-title="Settings"
          disabled={false}
          type="button"
        >
          <svg
            className="muncher-icon muncher-icon--small"
            fill="none"
            stroke="currentColor"
            strokeLinecap="round"
            strokeLinejoin="round"
            strokeWidth={2}
            viewBox="0 0 24 24"
            xmlns="http://www.w3.org/2000/svg"
          >
            <circle
              cx="12"
              cy="12"
              r="3"
            />
            <path
              d="M19.4 15a1.65 1.65 0 0 0 .33 1.82l.06.06a2 2 0 0 1 0 2.83 2 2 0 0 1-2.83 0l-.06-.06a1.65 1.65 0 0 0-1.82-.33 1.65 1.65 0 0 0-1 1.51V21a2 2 0 0 1-2 2 2 2 0 0 1-2-2v-.09A1.65 1.65 0 0 0 9 19.4a1.65 1.65 0 0 0-1.82.33l-.06.06a2 2 0 0 1-2.83 0 2 2 0 0 1 0-2.83l.06-.06a1.65 1.65 0 0 0 .33-1.82 1.65 1.65 0 0 0-1.51-1H3a2 2 0 0 1-2-2 2 2 0 0 1 2-2h.09A1.65 1.65 0 0 0 4.6 9a1.65 1.65 0 0 0-.33-1.82l-.06-.06a2 2 0 0 1 0-2.83 2 2 0 0 1 2.83 0l.06.06a1.65 1.65 0 0 0 1.82.33H9a1.65 1.65 0 0 0 1-1.51V3a2 2 0 0 1 2-2 2 2 0 0 1 2 2v.09a1.65 1.65 0 0 0 1 1.51 1.65 1.65 0 0 0 1.82-.33l.06-.06a2 2 0 0 1 2.83 0 2 2 0 0 1 0 2.83l-.06.06a1.65 1.65 0 0 0-.33 1.82V9a1.65 1.65 0 0 0 1.51 1H21a2 2 0 0 1 2 2 2 2 0 0 1-2 2h-.09a1.65 1.65 0 0 0-1.51 1z"
            />
          </svg>
        </button>
      </div>
    </div>
    <h2>
      <span>
        <span
          className="react-loading-skeleton css-1vmnjpn-skeletonStyles-Skeleton"
          style={
            Object {
              "width": 600,
            }
          }
        >
          ‌
        </span>
      </span>
    </h2>
    <p>
      <span>
        <span
          className="react-loading-skeleton css-1vmnjpn-skeletonStyles-Skeleton"
          style={
            Object {
              "height": 50,
              "width": 800,
            }
          }
        >
          ‌
        </span>
      </span>
    </p>
    <p>
      <span>
        <span
          className="react-loading-skeleton css-1vmnjpn-skeletonStyles-Skeleton"
          style={
            Object {
              "height": 100,
              "width": 800,
            }
          }
        >
          ‌
        </span>
      </span>
    </p>
    <p>
      <span>
        <span
          className="react-loading-skeleton css-1vmnjpn-skeletonStyles-Skeleton"
          style={
            Object {
              "height": 70,
              "width": 800,
            }
          }
        >
          ‌
        </span>
      </span>
    </p>
    <p>
      <span>
        <span
          className="react-loading-skeleton css-1vmnjpn-skeletonStyles-Skeleton"
          style={
            Object {
              "width": 800,
            }
          }
        >
          ‌
        </span>
      </span>
    </p>
  </div>
</div>
`;

exports[`Storyshots Muncher/Skeleton Default 1`] = `
<div
  className="muncher"
>
  <div
    className="muncher-main"
  >
    <div
      className="muncher-toolbar"
    >
      <div
        className="muncher-toolbar--left"
      >
        <button
          className="muncher-button muncher-button--small"
          data-title="Html View"
          disabled={false}
          type="button"
        >
          <svg
            className="muncher-icon muncher-icon--small"
            fill="none"
            stroke="currentColor"
            strokeLinecap="round"
            strokeLinejoin="round"
            strokeWidth={2}
            viewBox="0 0 24 24"
            xmlns="http://www.w3.org/2000/svg"
          >
            <polyline
              points="16 18 22 12 16 6"
            />
            <polyline
              points="8 6 2 12 8 18"
            />
          </svg>
        </button>
        <span
          className="muncher-separator"
        >
          |
        </span>
        <button
          className="muncher-button muncher-button--small"
          data-title="Undo"
          disabled={false}
          type="button"
        >
          <svg
            className="muncher-icon muncher-icon--small"
            fill="none"
            stroke="currentColor"
            strokeLinecap="round"
            strokeLinejoin="round"
            strokeWidth={2}
            viewBox="0 0 24 24"
            xmlns="http://www.w3.org/2000/svg"
          >
            <polyline
              points="2 10 2 16 8 16"
            />
            <path
              d="m22 16c-1.8136-6.5424-9.5593-9.4823-15.36-4.36l-4.64 4.36"
            />
          </svg>
        </button>
        <button
          className="muncher-button muncher-button--small"
          data-title="Redo"
          disabled={false}
          type="button"
        >
          <svg
            className="muncher-icon muncher-icon--small"
            fill="none"
            stroke="currentColor"
            strokeLinecap="round"
            strokeLinejoin="round"
            strokeWidth={2}
            viewBox="0 0 24 24"
            xmlns="http://www.w3.org/2000/svg"
          >
            <polyline
              points="22 10 22 16 16 16"
            />
            <path
              d="m1.9935 16c1.8136-6.5424 9.5593-9.4823 15.36-4.36l4.64 4.36"
            />
          </svg>
        </button>
        <span
          className="muncher-separator"
        >
          |
        </span>
        <button
          className="muncher-button muncher-button--small"
          data-title="Ordered List"
          disabled={false}
          type="button"
        >
          <svg
            className="muncher-icon muncher-icon--small"
            fill="none"
            stroke="currentColor"
            strokeLinecap="round"
            strokeLinejoin="round"
            strokeWidth={2}
            viewBox="0 0 24 24"
            xmlns="http://www.w3.org/2000/svg"
          >
            <line
              x1="9"
              x2="21"
              y1="5"
              y2="5"
            />
            <line
              x1="9"
              x2="21"
              y1="12"
              y2="12"
            />
            <line
              x1="9"
              x2="21"
              y1="19"
              y2="19"
            />
            <polyline
              points="3 10 5 10 3 13 5 13"
            />
            <polyline
              points="3 3 4 3 4 6"
            />
            <path
              d="M3 17H4H5L4 19C4.55 19 5 19.45 5 20C5 20.55 4.55 21 4 21H3"
            />
          </svg>
        </button>
        <button
          className="muncher-button muncher-button--small"
          data-title="Unordered List"
          disabled={false}
          type="button"
        >
          <svg
            className="muncher-icon muncher-icon--small"
            fill="none"
            stroke="currentColor"
            strokeLinecap="round"
            strokeLinejoin="round"
            strokeWidth={2}
            viewBox="0 0 24 24"
            xmlns="http://www.w3.org/2000/svg"
          >
            <line
              x1="9"
              x2="21"
              y1="5"
              y2="5"
            />
            <line
              x1="9"
              x2="21"
              y1="12"
              y2="12"
            />
            <line
              x1="9"
              x2="21"
              y1="19"
              y2="19"
            />
            <circle
              cx="4"
              cy="12"
              r="1"
            />
            <circle
              cx="4"
              cy="5"
              r="1"
            />
            <circle
              cx="4"
              cy="19"
              r="1"
            />
          </svg>
        </button>
        <span
          className="muncher-separator"
        >
          |
        </span>
        <div
          className="muncher-dropdown"
        >
          <button
            className="muncher-button muncher-button--small muncher-button--active"
            disabled={false}
            onMouseDown={[Function]}
            type="button"
          >
            <span>
              Heading 1 
              <span
                className="muncher--small"
              >
                ▼
              </span>
            </span>
          </button>
          
        </div>
        <span
          className="muncher-separator"
        >
          |
        </span>
        <button
          className="muncher-button muncher-button--small"
          data-title="Bold"
          disabled={false}
          type="button"
        >
          <strong>
            B
          </strong>
        </button>
        <button
          className="muncher-button muncher-button--small"
          data-title="Italic"
          disabled={false}
          type="button"
        >
          <strong>
            <em>
              I
            </em>
          </strong>
        </button>
        <button
          className="muncher-button muncher-button--small"
          data-title="Underline"
          disabled={false}
          type="button"
        >
          <strong>
            <u>
              U
            </u>
          </strong>
        </button>
        <button
          className="muncher-button muncher-button--small"
          data-title="Monospace"
          disabled={false}
          type="button"
        >
          <strong>
            {
             
            }
          </strong>
        </button>
      </div>
      <div
        className="muncher-toolbar--right"
      >
        <button
          className="muncher-button muncher-button--small"
          data-title="Settings"
          disabled={false}
          type="button"
        >
          <svg
            className="muncher-icon muncher-icon--small"
            fill="none"
            stroke="currentColor"
            strokeLinecap="round"
            strokeLinejoin="round"
            strokeWidth={2}
            viewBox="0 0 24 24"
            xmlns="http://www.w3.org/2000/svg"
          >
            <circle
              cx="12"
              cy="12"
              r="3"
            />
            <path
              d="M19.4 15a1.65 1.65 0 0 0 .33 1.82l.06.06a2 2 0 0 1 0 2.83 2 2 0 0 1-2.83 0l-.06-.06a1.65 1.65 0 0 0-1.82-.33 1.65 1.65 0 0 0-1 1.51V21a2 2 0 0 1-2 2 2 2 0 0 1-2-2v-.09A1.65 1.65 0 0 0 9 19.4a1.65 1.65 0 0 0-1.82.33l-.06.06a2 2 0 0 1-2.83 0 2 2 0 0 1 0-2.83l.06-.06a1.65 1.65 0 0 0 .33-1.82 1.65 1.65 0 0 0-1.51-1H3a2 2 0 0 1-2-2 2 2 0 0 1 2-2h.09A1.65 1.65 0 0 0 4.6 9a1.65 1.65 0 0 0-.33-1.82l-.06-.06a2 2 0 0 1 0-2.83 2 2 0 0 1 2.83 0l.06.06a1.65 1.65 0 0 0 1.82.33H9a1.65 1.65 0 0 0 1-1.51V3a2 2 0 0 1 2-2 2 2 0 0 1 2 2v.09a1.65 1.65 0 0 0 1 1.51 1.65 1.65 0 0 0 1.82-.33l.06-.06a2 2 0 0 1 2.83 0 2 2 0 0 1 0 2.83l-.06.06a1.65 1.65 0 0 0-.33 1.82V9a1.65 1.65 0 0 0 1.51 1H21a2 2 0 0 1 2 2 2 2 0 0 1-2 2h-.09a1.65 1.65 0 0 0-1.51 1z"
            />
          </svg>
        </button>
      </div>
    </div>
    <h2>
      <span>
        <span
          className="react-loading-skeleton css-1vmnjpn-skeletonStyles-Skeleton"
          style={
            Object {
              "width": 600,
            }
          }
        >
          ‌
        </span>
      </span>
    </h2>
    <p>
      <span>
        <span
          className="react-loading-skeleton css-1vmnjpn-skeletonStyles-Skeleton"
          style={
            Object {
              "height": 50,
              "width": 800,
            }
          }
        >
          ‌
        </span>
      </span>
    </p>
    <p>
      <span>
        <span
          className="react-loading-skeleton css-1vmnjpn-skeletonStyles-Skeleton"
          style={
            Object {
              "height": 100,
              "width": 800,
            }
          }
        >
          ‌
        </span>
      </span>
    </p>
    <p>
      <span>
        <span
          className="react-loading-skeleton css-1vmnjpn-skeletonStyles-Skeleton"
          style={
            Object {
              "height": 70,
              "width": 800,
            }
          }
        >
          ‌
        </span>
      </span>
    </p>
    <p>
      <span>
        <span
          className="react-loading-skeleton css-1vmnjpn-skeletonStyles-Skeleton"
          style={
            Object {
              "width": 800,
            }
          }
        >
          ‌
        </span>
      </span>
    </p>
  </div>
</div>
`;
